// Jest Snapshot v1, https://goo.gl/fbAQLP

exports[`Should Places List render correctly 1`] = `
<form
  action="#"
  className="places__sorting"
  method="get"
>
  <span
    className="places__sorting-caption"
  >
    Sort by
  </span>
  <span
    className="places__sorting-type"
    onClick={[Function]}
    tabIndex="0"
  >
    Popular
    <svg
      className="places__sorting-arrow"
      height="4"
      style={null}
      width="7"
    >
      <use
        xlinkHref="#icon-arrow-select"
      />
    </svg>
  </span>
  <ul
    className="places__options places__options--custom "
    onClick={[Function]}
  >
    <li
      className="places__option places__option--active"
      data-sort-type="Popular"
      tabIndex="0"
    >
      Popular
    </li>
    <li
      className="places__option "
      data-sort-type="Price: low to high"
      tabIndex="0"
    >
      Price: low to high
    </li>
    <li
      className="places__option "
      data-sort-type="Price: high to low"
      tabIndex="0"
    >
      Price: high to low
    </li>
    <li
      className="places__option "
      data-sort-type="Top rated first"
      tabIndex="0"
    >
      Top rated first
    </li>
  </ul>
</form>
`;
