// Jest Snapshot v1, https://goo.gl/fbAQLP

exports[`Should Place Card render correctly 1`] = `
<article
  className="cities__place-card place-card"
  onMouseEnter={[Function]}
  onMouseOut={[Function]}
>
  
  <div
    className="cities__image-wrapper place-card__image-wrapper"
  >
    <a
      href="/offers/1"
      onClick={[Function]}
    >
      <img
        alt="Nice, cozy, warm big bed apartment"
        className="place-card__image"
        height="200"
        src="https://htmlacademy-react-3.appspot.com/six-cities/static/hotel/15.jpg"
        width="260"
      />
    </a>
  </div>
  <div
    className="place-card__info"
  >
    <div
      className="place-card__price-wrapper"
    >
      <div
        className="place-card__price"
      >
        <b
          className="place-card__price-value"
        >
          €
          488
        </b>
        <span
          className="place-card__price-text"
        >
          / night
        </span>
      </div>
      <button
        className="place-card__bookmark-button button"
        type="button"
      >
        <svg
          className="place-card__bookmark-icon"
          height="19"
          width="18"
        >
          <use
            xlinkHref="#icon-bookmark"
          />
        </svg>
        <span
          className="visually-hidden"
        >
          To bookmarks
        </span>
      </button>
    </div>
    <div
      className="place-card__rating rating"
    >
      <div
        className="place-card__stars rating__stars"
      >
        <span
          style={
            Object {
              "width": "98%",
            }
          }
        />
        <span
          className="visually-hidden"
        >
          Rating
        </span>
      </div>
    </div>
    <h2
      className="place-card__name"
    >
      <a
        href="/offers/1"
        onClick={[Function]}
      >
        Nice, cozy, warm big bed apartment
      </a>
    </h2>
    <p
      className="place-card__type"
    >
      Apartment
    </p>
  </div>
</article>
`;
